[backblue.gif]
[fade.gif]
[index.html]
[lhtourlanchas.com.br/feed/index.html]
[lhtourlanchas.com.br/comments/feed/index.html]
[startertemplatecloud.com/e05/wp-content/uploads/sites/6/2020/12/pexels-fauxels-3182823.jpg]
[lhtourlanchas.com.br/wp-content/plugins/elementor/assets/lib/eicons/fonts/eicons0b93.eot]
[lhtourlanchas.com.br/wp-content/uploads/2021/09/ivan-ragozin-o9oQaOGpLz0-unsplash-scaled.jpg]
[lhtourlanchas.com.br/wp-content/uploads/2021/09/Praia-da-Ilha-do-Farol-Arraial-do-Cabo-1024x768-1.jpg]
[lhtourlanchas.com.br/wp-content/uploads/2020/12/waves_02.png]
[lhtourlanchas.com.br/wp-content/plugins/google-analytics-for-wordpress/assets/js/frontend-gtag.min9e64.js]
[lhtourlanchas.com.br/wp-includes/js/jquery/jquery.minf43b.js]
[lhtourlanchas.com.br/wp-includes/js/jquery/jquery-migrate.min5589.js]
[lhtourlanchas.com.br/wp-content/plugins/elementor/assets/lib/font-awesome/js/v4-shims.minedb1.js]
[lhtourlanchas.com.br/wp-json/index.html]
[lhtourlanchas.com.br/wp-json/wp/v2/pages/2001.json]
[lhtourlanchas.com.br/wp-json/oembed/1.0/embed1800.json]
[lhtourlanchas.com.br/wp-json/oembed/1.0/embed4212]
[connect.facebook.net/en_US/fbevents.js]
[lhtourlanchas.com.br/wp-content/uploads/2021/09/cropped-lh-tour-favicon-32x32.png]
[lhtourlanchas.com.br/wp-content/uploads/2021/09/cropped-lh-tour-favicon-192x192.png]
[lhtourlanchas.com.br/wp-content/uploads/2021/09/cropped-lh-tour-favicon-180x180.png]
[lhtourlanchas.com.br/wp-content/uploads/2021/09/lh-tour.png]
[lhtourlanchas.com.br/wp-content/uploads/2021/09/arraial.png]
[lhtourlanchas.com.br/wp-content/uploads/2021/09/buzios.png]
[lhtourlanchas.com.br/wp-content/uploads/2021/09/8f14270b-1d8f-4452-9695-5eb24ce02bc1-e1633113973259-396x360.jpg]
[lhtourlanchas.com.br/wp-content/uploads/2021/09/image_6483441-4-396x360.jpg]
[lhtourlanchas.com.br/wp-content/uploads/2021/09/779f3db7-008f-4bcb-9180-68966c18c5e0.jpg]
[lhtourlanchas.com.br/wp-content/uploads/2021/09/image_6483441-1-1-396x360.jpg]
[lhtourlanchas.com.br/wp-content/uploads/2021/09/image_6483441-3-1-396x360.jpg]
[lhtourlanchas.com.br/wp-content/uploads/2021/09/image_6483441-2-1-396x360.jpg]
[lhtourlanchas.com.br/wp-content/uploads/2021/09/e0bc7c1a-f82c-4f75-b482-2301972bfc2e.jpg]
[lhtourlanchas.com.br/wp-content/uploads/2021/10/77702C0B-D9E9-40DC-BE74-1FD682150B2F-396x360.jpg]
[lhtourlanchas.com.br/wp-content/plugins/wp-whatsapp/assets/dist/js/njt-whatsapp0226.js]
[lhtourlanchas.com.br/wp-content/plugins/wp-whatsapp/assets/js/whatsapp-button0226.js]
[lhtourlanchas.com.br/wp-content/plugins/ht-mega-for-elementor/assets/js/popper.minfeec.js]
[lhtourlanchas.com.br/wp-content/plugins/ht-mega-for-elementor/assets/js/htbbootstrapfeec.js]
[lhtourlanchas.com.br/wp-content/plugins/ht-mega-for-elementor/assets/js/waypointsfeec.js]
[lhtourlanchas.com.br/wp-content/themes/kadence/assets/js/navigation.min8daf.js]
[lhtourlanchas.com.br/wp-content/plugins/ht-mega-for-elementor/assets/js/jquery.easing.1.3feec.js]
[lhtourlanchas.com.br/wp-content/plugins/ht-mega-for-elementor/assets/js/jquery.mousewheelfeec.js]
[lhtourlanchas.com.br/wp-content/plugins/ht-mega-for-elementor/assets/js/jquery.vaccordionfeec.js]
[lhtourlanchas.com.br/wp-content/plugins/ht-mega-for-elementor/assets/js/htmega-widgets-activefeec.js]
[lhtourlanchas.com.br/wp-content/plugins/wp-whatsapp/assets/js/whatsapp-popupd1c0.js]
[lhtourlanchas.com.br/wp-content/plugins/elementor/assets/js/webpack.runtime.minedb1.js]
[lhtourlanchas.com.br/wp-content/plugins/elementor/assets/js/frontend-modules.minedb1.js]
[lhtourlanchas.com.br/wp-content/plugins/elementor/assets/lib/waypoints/waypoints.min05da.js]
[lhtourlanchas.com.br/wp-includes/js/jquery/ui/core.minb37e.js]
[lhtourlanchas.com.br/wp-content/plugins/ht-mega-for-elementor/assets/js/swiper.minfeec.js]
[lhtourlanchas.com.br/wp-content/plugins/elementor/assets/lib/share-link/share-link.minedb1.js]
[lhtourlanchas.com.br/wp-content/plugins/elementor/assets/lib/dialog/dialog.mina288.js]
[lhtourlanchas.com.br/wp-content/plugins/elementor/assets/js/frontend.minedb1.js]
[lhtourlanchas.com.br/wp-content/plugins/elementor/assets/js/preloaded-modules.minedb1.js]
[lhtourlanchas.com.br/index.html]
[lhtourlanchas.com.br/wp-includes/css/dist/block-library/style.mind1c0.css]
[lhtourlanchas.com.br/wp-content/plugins/wp-whatsapp/assets/dist/css/styled1c0.css]
[lhtourlanchas.com.br/wp-content/plugins/ht-mega-for-elementor/assets/css/htbbootstrapfeec.css]
[lhtourlanchas.com.br/wp-content/plugins/ht-mega-for-elementor/assets/images/pricing/pricing-ribon.png]
[lhtourlanchas.com.br/wp-content/plugins/ht-mega-for-elementor/assets/css/htmega-widgetsfeec.css]
[lhtourlanchas.com.br/wp-content/plugins/elementor/assets/lib/font-awesome/fonts/fontawesome-webfont3e6e.eot]
[lhtourlanchas.com.br/wp-content/plugins/elementor/assets/lib/font-awesome/fonts/fontawesome-webfontd41d.eot]
[lhtourlanchas.com.br/wp-content/plugins/elementor/assets/lib/font-awesome/fonts/fontawesome-webfont3e6e.woff2]
[lhtourlanchas.com.br/wp-content/plugins/elementor/assets/lib/font-awesome/fonts/fontawesome-webfont3e6e.woff]
[lhtourlanchas.com.br/wp-content/plugins/elementor/assets/lib/font-awesome/fonts/fontawesome-webfont3e6e.ttf]
[lhtourlanchas.com.br/wp-content/plugins/elementor/assets/lib/font-awesome/css/font-awesome.min1849.css]
[lhtourlanchas.com.br/wp-content/plugins/ht-mega-for-elementor/assets/css/animationfeec.css]
[lhtourlanchas.com.br/wp-content/plugins/ht-mega-for-elementor/assets/css/htmega-keyframesfeec.css]
[lhtourlanchas.com.br/wp-content/themes/kadence/assets/css/global.mind279.css]
[lhtourlanchas.com.br/wp-content/themes/kadence/assets/css/header.mind279.css]
[lhtourlanchas.com.br/wp-content/themes/kadence/assets/css/content.mind279.css]
[lhtourlanchas.com.br/wp-content/themes/kadence/assets/css/footer.mind279.css]
[lhtourlanchas.com.br/wp-content/plugins/elementor/assets/lib/eicons/fonts/eicons02d6.eot]
[lhtourlanchas.com.br/wp-content/plugins/elementor/assets/lib/eicons/fonts/eicons02d6.woff2]
[lhtourlanchas.com.br/wp-content/plugins/elementor/assets/lib/eicons/fonts/eicons02d6.woff]
[lhtourlanchas.com.br/wp-content/plugins/elementor/assets/lib/eicons/fonts/eicons02d6.ttf]
[lhtourlanchas.com.br/wp-content/plugins/elementor/assets/lib/eicons/css/elementor-icons.minb683.css]
[lhtourlanchas.com.br/wp-content/plugins/elementor/assets/css/frontend.minedb1.css]
[lhtourlanchas.com.br/wp-content/plugins/elementor/assets/lib/font-awesome/webfonts/fa-brands-400.eot]
[lhtourlanchas.com.br/wp-content/plugins/elementor/assets/lib/font-awesome/webfonts/fa-brands-400d41d.eot]
[lhtourlanchas.com.br/wp-content/plugins/elementor/assets/lib/font-awesome/webfonts/fa-brands-400.woff2]
[lhtourlanchas.com.br/wp-content/plugins/elementor/assets/lib/font-awesome/webfonts/fa-brands-400.woff]
[lhtourlanchas.com.br/wp-content/plugins/elementor/assets/lib/font-awesome/webfonts/fa-brands-400.ttf]
[lhtourlanchas.com.br/wp-content/plugins/elementor/assets/lib/font-awesome/webfonts/fa-regular-400.eot]
[lhtourlanchas.com.br/wp-content/plugins/elementor/assets/lib/font-awesome/webfonts/fa-regular-400d41d.eot]
[lhtourlanchas.com.br/wp-content/plugins/elementor/assets/lib/font-awesome/webfonts/fa-regular-400.woff2]
[lhtourlanchas.com.br/wp-content/plugins/elementor/assets/lib/font-awesome/webfonts/fa-regular-400.woff]
[lhtourlanchas.com.br/wp-content/plugins/elementor/assets/lib/font-awesome/webfonts/fa-regular-400.ttf]
[lhtourlanchas.com.br/wp-content/plugins/elementor/assets/lib/font-awesome/webfonts/fa-solid-900.eot]
[lhtourlanchas.com.br/wp-content/plugins/elementor/assets/lib/font-awesome/webfonts/fa-solid-900d41d.eot]
[lhtourlanchas.com.br/wp-content/plugins/elementor/assets/lib/font-awesome/webfonts/fa-solid-900.woff2]
[lhtourlanchas.com.br/wp-content/plugins/elementor/assets/lib/font-awesome/webfonts/fa-solid-900.woff]
[lhtourlanchas.com.br/wp-content/plugins/elementor/assets/lib/font-awesome/webfonts/fa-solid-900.ttf]
[lhtourlanchas.com.br/wp-content/plugins/elementor/assets/lib/font-awesome/css/all.minedb1.css]
[lhtourlanchas.com.br/wp-content/plugins/elementor/assets/lib/font-awesome/css/v4-shims.minedb1.css]
[lhtourlanchas.com.br/wp-content/plugins/fluentform/public/css/fluent-forms-elementor-widget71f9.css]
[lhtourlanchas.com.br/wp-content/plugins/elementor/assets/lib/font-awesome/css/fontawesome.min52d5.css]
[lhtourlanchas.com.br/wp-content/plugins/elementor/assets/lib/font-awesome/css/solid.min52d5.css]
[lhtourlanchas.com.br/wp-content/plugins/elementor/assets/lib/font-awesome/css/brands.min52d5.css]
[lhtourlanchas.com.br/xmlrpc0db0.html]
[connect.facebook.net/en_US/fbevents.js]
[lhtourlanchas.com.br/wp-json/wp/v2/pages/1564.json]
[lhtourlanchas.com.br/wp-json/oembed/1.0/embedd834.json]
[lhtourlanchas.com.br/wp-json/oembed/1.0/embed27d4]
[lhtourlanchas.com.br/wp-content/uploads/2021/09/Buzios-cancelamento-eventos-Reveillon-2-e1633006100918.jpg]
[lhtourlanchas.com.br/wp-content/uploads/2021/09/arraial-do-cabo-capa2019-1536x805.jpg]
[lhtourlanchas.com.br/wp-content/uploads/2021/09/cabofrio-capa2019-1536x805.jpg]
[lhtourlanchas.com.br/roteiros/index.html]
[lhtourlanchas.com.br/wp-content/uploads/2021/09/Praia-da-Armacao-1-1024x910-1.jpg]
[lhtourlanchas.com.br/wp-content/uploads/2021/09/bruno-soares-NKbfh8Ro_Bw-unsplash-scaled.jpg]
[lhtourlanchas.com.br/wp-json/wp/v2/pages/1782.json]
[lhtourlanchas.com.br/wp-json/oembed/1.0/embed5655.json]
[lhtourlanchas.com.br/wp-json/oembed/1.0/embedf95b]
[lhtourlanchas.com.br/wp-content/uploads/2021/09/passeio-de-barco-em-arraial-do-cabo-4-1024x767.jpg]
[lhtourlanchas.com.br/wp-content/uploads/2021/09/tart-.webp]
[lhtourlanchas.com.br/wp-content/uploads/2021/09/praia-da-ferradura.jpg]
[lhtourlanchas.com.br/wp-content/uploads/2021/09/azeda-.webp]
[lhtourlanchas.com.br/wp-content/uploads/2021/09/canto-.webp]
[lhtourlanchas.com.br/wp-content/uploads/2021/09/mar-calmo-praia-dos-ossos-buzios-rj-1024x683.jpg]
[lhtourlanchas.com.br/wp-content/uploads/2021/09/fern-.webp]
[lhtourlanchas.com.br/wp-content/uploads/2021/09/1-6--396x360.webp]
[lhtourlanchas.com.br/wp-content/uploads/2021/09/1-6-2--294x360.webp]
[lhtourlanchas.com.br/wp-content/uploads/2021/09/1-6-3--396x360.webp]
[lhtourlanchas.com.br/wp-content/uploads/2021/09/1-6-4--294x360.webp]
[lhtourlanchas.com.br/wp-content/uploads/2021/09/1-6-5--294x360.webp]
[lhtourlanchas.com.br/wp-content/uploads/2022/08/PHOTO-2022-06-09-09-32-42-396x360.jpg]
[lhtourlanchas.com.br/wp-content/uploads/2022/08/PHOTO-2022-06-09-09-32-42-1-396x360.jpg]
[lhtourlanchas.com.br/wp-content/uploads/2022/08/PHOTO-2022-06-09-09-32-41-396x360.jpg]
[lhtourlanchas.com.br/wp-content/uploads/2022/09/PHOTO-2022-02-27-17-44-24-396x360.jpg]
[lhtourlanchas.com.br/wp-content/uploads/2022/09/PHOTO-2022-02-27-17-44-25-396x360.jpg]
[lhtourlanchas.com.br/wp-content/uploads/2022/09/PHOTO-2022-02-27-17-44-26-396x360.jpg]
[lhtourlanchas.com.br/wp-content/uploads/2021/09/0f70e7dd-9351-4d2e-b00d-1f8828b6808f-396x360.jpg]
[lhtourlanchas.com.br/wp-content/uploads/2021/09/1ab777dd-8c77-4e66-88fa-31228897dae0-396x360.jpg]
[lhtourlanchas.com.br/wp-content/uploads/2021/09/7fe565f2-f1d1-49a4-9afe-af9c5bff992e-396x360.jpg]
[lhtourlanchas.com.br/wp-content/uploads/2021/09/9bfa0a98-4bf3-4f33-918b-800fd2aac0e9-396x360.jpg]
[lhtourlanchas.com.br/wp-content/uploads/2021/09/24b584e1-58bf-46c7-be52-c2e42fb69a53-396x360.jpg]
[lhtourlanchas.com.br/wp-content/uploads/2021/09/47f413a6-b4de-41d1-a4d9-6135db3b83b2-396x360.jpg]
[lhtourlanchas.com.br/wp-content/uploads/2021/09/57c63ea4-fbb7-484b-8f34-c2049e5ac950-396x360.jpg]
[lhtourlanchas.com.br/wp-content/uploads/2021/09/62d1a78b-5dd9-4682-9136-3c3b8a521492-396x360.jpg]
[lhtourlanchas.com.br/wp-content/uploads/2021/09/645df5f2-1664-41e1-be92-d5561ebf3bf5-396x360.jpg]
[lhtourlanchas.com.br/wp-content/uploads/2021/09/824fa14d-8f79-4c98-b38c-52381dd787ad-396x360.jpg]
[lhtourlanchas.com.br/wp-content/uploads/2021/09/bcc16821-a56b-4362-ae33-cd80ef95c77b-396x360.jpg]
[lhtourlanchas.com.br/wp-content/uploads/2021/09/e046784f-fe62-40bb-9aea-50d2f3cc2d36-396x360.jpg]
[lhtourlanchas.com.br/wp-content/uploads/2021/09/ebb77b4b-1480-49e7-8429-b6d00629fa8e-396x360.jpg]
[lhtourlanchas.com.br/wp-content/uploads/2021/09/WhatsApp-Image-2021-09-15-at-23.46.12-1-396x360.jpg]
[lhtourlanchas.com.br/wp-content/uploads/2021/09/WhatsApp-Image-2021-09-15-at-23.46.12-2-396x360.jpg]
[lhtourlanchas.com.br/wp-content/uploads/2021/09/WhatsApp-Image-2021-09-15-at-23.46.12-4-396x360.jpg]
[lhtourlanchas.com.br/wp-content/uploads/2021/09/WhatsApp-Image-2021-09-15-at-23.46.12-6-396x360.jpg]
[lhtourlanchas.com.br/wp-content/uploads/2021/09/WhatsApp-Image-2021-09-15-at-23.46.12-396x360.jpg]
[lhtourlanchas.com.br/wp-content/uploads/2021/09/1a1d4bea-41c3-4b16-8c51-484a42c1bb01-e1632589924585-396x339.jpg]
[lhtourlanchas.com.br/wp-content/uploads/2021/09/2fce826d-a935-41e5-bb27-eca979d14652-396x360.jpg]
[lhtourlanchas.com.br/wp-content/uploads/2021/09/5faa29a8-cbd3-4429-9333-efac35994375-396x360.jpg]
[lhtourlanchas.com.br/wp-content/uploads/2021/09/7dc3b667-489e-4875-b4ee-1d4947ee608a-396x360.jpg]
[lhtourlanchas.com.br/wp-content/uploads/2021/09/9f1a76ee-9a9f-417d-ac0f-7dae256a0cd5-396x360.jpg]
[lhtourlanchas.com.br/wp-content/uploads/2021/09/28bc42d0-5d71-49e5-99a6-e84b0f37e416-396x360.jpg]
[lhtourlanchas.com.br/wp-content/uploads/2021/09/36bd3cf5-0531-43d2-8d45-980cda16149d-396x360.jpg]
[lhtourlanchas.com.br/wp-content/uploads/2021/09/46e8feb8-265f-43d5-a567-0736c88236c0-396x360.jpg]
[lhtourlanchas.com.br/wp-content/uploads/2021/09/95eeea34-1748-4112-afcc-a51f047fc651-396x360.jpg]
[lhtourlanchas.com.br/wp-content/uploads/2021/09/609c7bae-30e1-4e69-871a-cc5f1416dfa9-396x360.jpg]
[lhtourlanchas.com.br/wp-content/uploads/2021/09/104349d9-7f2a-4d66-b6ce-6f361c071e7c-396x360.jpg]
[lhtourlanchas.com.br/wp-content/uploads/2021/09/a8cc6e82-3074-41d3-a175-bb9e2f1e35dd-396x360.jpg]
[lhtourlanchas.com.br/wp-content/uploads/2021/09/c74c34b0-0f94-40bf-a604-386536cd0057-396x360.jpg]
[lhtourlanchas.com.br/wp-content/uploads/2021/09/ea89288b-f609-4ab0-aa0b-4bb1affdbc8e-396x360.jpg]
[lhtourlanchas.com.br/wp-content/uploads/2021/09/f5122851-3547-4d54-85db-e8767c434733-396x360.jpg]
[lhtourlanchas.com.br/wp-content/uploads/2021/09/1aca931b-88df-4aec-a51d-0362fec83739-396x360.jpg]
[lhtourlanchas.com.br/wp-content/uploads/2021/09/8c49baed-4d56-499a-aa14-778be2125c40-396x360.jpg]
[lhtourlanchas.com.br/wp-content/uploads/2021/09/14d48726-6fe4-4b85-ab33-b20b8a44925d-396x360.jpg]
[lhtourlanchas.com.br/wp-content/uploads/2021/09/861d636e-194b-4e14-afdc-a5ee22be411c-396x360.jpg]
[lhtourlanchas.com.br/wp-content/uploads/2021/09/a63adfd8-605f-4f97-ac2b-5248af78cff1-396x360.jpg]
[lhtourlanchas.com.br/wp-content/uploads/2021/09/WhatsApp-Image-2021-09-15-at-23.52.00-3-396x360.jpg]
[lhtourlanchas.com.br/wp-content/uploads/2021/09/WhatsApp-Image-2021-09-15-at-23.52.00-4-396x360.jpg]
[lhtourlanchas.com.br/wp-content/uploads/2021/09/WhatsApp-Image-2021-09-15-at-23.52.00-5-396x360.jpg]
[lhtourlanchas.com.br/wp-content/uploads/2021/09/WhatsApp-Image-2021-09-15-at-23.52.00-8-396x360.jpg]
[lhtourlanchas.com.br/wp-content/uploads/2021/09/WhatsApp-Image-2021-09-15-at-23.52.00-396x360.jpg]
[lhtourlanchas.com.br/armacao-dos-buzios/index.html]
[lhtourlanchas.com.br/wp-content/uploads/2021/09/arraial-do-cabo-capa2019.jpg]
[lhtourlanchas.com.br/wp-json/wp/v2/pages/2560.json]
[lhtourlanchas.com.br/wp-json/oembed/1.0/embed798a.json]
[lhtourlanchas.com.br/wp-json/oembed/1.0/embed8337]
[lhtourlanchas.com.br/wp-content/uploads/2021/09/Buzios-cancelamento-eventos-Reveillon-e1633005711874.jpg]
[lhtourlanchas.com.br/wp-content/uploads/2021/09/pontal-.webp]
[lhtourlanchas.com.br/wp-content/uploads/2021/09/gorila-.webp]
[lhtourlanchas.com.br/wp-content/uploads/2021/09/forno-.webp]
[lhtourlanchas.com.br/wp-content/uploads/2021/09/979b5d92-cf13-41a6-89c2-c7b84b903461-396x360.jpg]
[lhtourlanchas.com.br/wp-content/uploads/2021/09/4800e31f-644c-492d-929f-99b6941618e4-396x360.jpg]
[lhtourlanchas.com.br/wp-content/uploads/2021/09/cfff7e40-b65a-4194-bf63-c5b9a9ff6238-396x360.jpg]
[lhtourlanchas.com.br/wp-content/uploads/2021/09/d13fb3cd-90fe-4e80-a206-4d0baed1102b-396x360.jpg]
[lhtourlanchas.com.br/wp-content/uploads/2021/09/986bed15-0b88-4255-91b9-baf0d451b5ae-396x360.jpg]
[lhtourlanchas.com.br/wp-content/uploads/2021/09/5638c4ed-fda3-4abd-b08b-214e95406281-396x360.jpg]
[lhtourlanchas.com.br/wp-content/uploads/2021/09/e62e8e24-e1df-40a9-a9fe-4370b873d054-396x360.jpg]
[lhtourlanchas.com.br/wp-content/uploads/2021/09/ce7a20dd-2fac-4e8e-846f-d7615a8d8346-396x360.jpg]
[lhtourlanchas.com.br/wp-content/uploads/2021/09/5ddcb2bd-63ca-4c09-8347-28eb41c0eb1b-396x360.jpg]
[lhtourlanchas.com.br/wp-content/uploads/2021/09/26f676f7-baef-437f-bda8-379ec02732b0-396x360.jpg]
[lhtourlanchas.com.br/wp-content/uploads/2021/09/42be1e8b-482e-45da-a19a-43e71d350795-396x360.jpg]
[lhtourlanchas.com.br/wp-content/uploads/2021/09/68d8eae2-dfc3-4980-922a-8f4642f6acbc-396x360.jpg]
[lhtourlanchas.com.br/wp-content/uploads/2021/09/84b568ca-93b9-4726-84af-10e801d6e147-396x360.jpg]
[lhtourlanchas.com.br/wp-content/uploads/2021/09/84ceb514-e1f7-4e8b-b650-5b736826efaf-396x360.jpg]
[lhtourlanchas.com.br/wp-content/uploads/2021/09/98aeb934-f272-494a-aa32-85e0c21a530b-396x360.jpg]
[lhtourlanchas.com.br/wp-content/uploads/2021/09/392f12b1-99b5-48a7-ace5-00618400f139-396x360.jpg]
[lhtourlanchas.com.br/wp-content/uploads/2021/09/5283ba45-ba49-4b9e-b3e3-b2cf32b08b62-396x360.jpg]
[lhtourlanchas.com.br/wp-content/uploads/2021/09/7407d789-d4c2-41f3-ab6d-f1a3924144d0-396x360.jpg]
[lhtourlanchas.com.br/wp-content/uploads/2021/09/7927ba7d-2113-459d-8cd3-6c51743e5428-396x360.jpg]
[lhtourlanchas.com.br/wp-content/uploads/2021/09/bf9fe9e6-667c-4330-9219-402dfb2df0be-396x360.jpg]
[lhtourlanchas.com.br/wp-content/uploads/2021/09/c29f5df1-4c03-4885-b1a7-0c17f11eeefa-396x360.jpg]
[lhtourlanchas.com.br/wp-content/uploads/2021/09/d4ad1977-1522-4d13-a396-1378c3ca6229-396x360.jpg]
[lhtourlanchas.com.br/wp-content/uploads/2021/09/e0c0bc60-8c8f-4c85-a458-f33bf6309010-396x360.jpg]
[lhtourlanchas.com.br/wp-content/uploads/2021/09/e9c14be5-b497-4c21-989f-3054158fd7ad-396x360.jpg]
[lhtourlanchas.com.br/wp-content/uploads/2021/09/fec95f3a-1ba3-4044-9375-27bc8a8ed7a8-396x360.jpg]
[lhtourlanchas.com.br/wp-content/uploads/2021/09/3ce187a5-1d65-421a-933d-6f5e8901b45f-396x360.jpg]
[lhtourlanchas.com.br/wp-content/uploads/2021/09/2a0d2137-df5f-4ed0-8494-30c61ba44295-396x360.jpg]
[lhtourlanchas.com.br/wp-content/uploads/2021/09/IMG_1206-396x360.jpg]
[lhtourlanchas.com.br/wp-content/uploads/2021/09/5d7b6a05-ec9a-4d1f-94e6-ae03587d03d5-396x360.jpg]
[lhtourlanchas.com.br/wp-content/uploads/2021/09/6e66334c-8bb3-489f-84a6-287346aac44b-396x360.jpg]
[lhtourlanchas.com.br/wp-content/uploads/2021/09/7f2f9181-c99c-4b73-a46e-77baa9a0cbda-396x360.jpg]
[lhtourlanchas.com.br/wp-content/uploads/2021/09/84b30c3e-d1c2-4bf3-ba60-15b517e5f3e0-396x360.jpg]
[lhtourlanchas.com.br/wp-content/uploads/2021/09/850a3249-7cf7-49d3-aaff-a851f5965028-396x360.jpg]
[lhtourlanchas.com.br/wp-content/uploads/2021/09/01745ee9-a1b4-4894-9789-88cf2ea394cf-396x360.jpg]
[lhtourlanchas.com.br/wp-content/uploads/2021/09/2669c23b-778e-4236-9a0a-98f347191b4e-396x360.jpg]
[lhtourlanchas.com.br/wp-content/uploads/2021/09/41346132-906e-4294-8717-e5e2d35a00fd-396x360.jpg]
[lhtourlanchas.com.br/wp-content/uploads/2021/09/a9eabfe2-5e1b-459d-9153-9b094b2dac38-396x360.jpg]
[lhtourlanchas.com.br/wp-content/uploads/2021/09/c07c60cd-4f5c-4eb2-8fc4-68e70ef8d58d-396x360.jpg]
[lhtourlanchas.com.br/wp-content/uploads/2021/09/c584d6fb-9113-4ed1-9eab-5cd23c6cc6d9-396x360.jpg]
[lhtourlanchas.com.br/wp-content/uploads/2021/09/cafaa290-7b19-4e1d-8910-f000f0fa036b-396x360.jpg]
[lhtourlanchas.com.br/wp-content/uploads/2021/09/cc8e7874-1ce2-412b-b586-0e47a87b1c44-396x360.jpg]
[lhtourlanchas.com.br/wp-content/uploads/2021/09/e17807e8-8d14-43bb-b33b-81edfca3396c-396x360.jpg]
[lhtourlanchas.com.br/wp-content/uploads/2021/09/f22fd40d-a1af-4144-9f7b-2508401335ec-396x360.jpg]
[lhtourlanchas.com.br/wp-content/uploads/2021/09/ea47b052-af06-4e26-8538-7d97c68f829f-396x360.jpg]
[lhtourlanchas.com.br/wp-content/uploads/2021/09/IMG_0850-396x360.webp]
[lhtourlanchas.com.br/wp-content/uploads/2021/09/2071c13b-d9e3-4817-984b-863e548edee3-396x360.jpg]
[lhtourlanchas.com.br/wp-content/uploads/2021/09/8023e55a-4bfe-4055-b66d-1cb4255fa8cc-396x360.jpg]
[lhtourlanchas.com.br/wp-content/uploads/2021/09/8250f891-5f79-49c1-ad67-4914c1d15b07-396x360.jpg]
[lhtourlanchas.com.br/wp-content/uploads/2021/09/c555fae5-5217-448b-90d0-355651314171-396x360.jpg]
[lhtourlanchas.com.br/wp-content/uploads/2021/09/d13bfdec-6b9a-4c57-82bb-f18161a2a6da-396x360.jpg]
[lhtourlanchas.com.br/wp-content/uploads/2021/09/IMG_0854-396x360.webp]
[lhtourlanchas.com.br/wp-content/uploads/2021/09/dd26acd0-db84-42e7-8127-fec66eba80f0-396x360.jpg]
[lhtourlanchas.com.br/wp-content/uploads/2021/09/ecd12699-4df0-4690-af3c-1787340dc679-396x360.jpg]
[lhtourlanchas.com.br/wp-content/uploads/2021/09/IMG_0851-396x360.webp]
[lhtourlanchas.com.br/wp-content/uploads/2021/09/IMG_0858-396x360.webp]
[lhtourlanchas.com.br/wp-content/uploads/2021/09/1c39d600-0048-47ca-adac-cf9527b4aeef-396x360.jpg]
[lhtourlanchas.com.br/wp-content/uploads/2021/09/4d7fe7f9-6af0-4792-910b-bf7a16a7abe2-396x360.jpg]
[lhtourlanchas.com.br/wp-content/uploads/2021/09/8f05b869-3794-41f4-abd6-5dbbbe05cfb6-396x360.jpg]
[lhtourlanchas.com.br/wp-content/uploads/2021/09/71cd70bd-1aad-4e7a-a65d-2555b04f57e7-396x360.jpg]
[lhtourlanchas.com.br/wp-content/uploads/2021/09/88a4a81b-de85-44c6-b9a8-d7b9591fa926-396x360.jpg]
[lhtourlanchas.com.br/arraial-do-cabo/index.html]
[lhtourlanchas.com.br/wp-content/uploads/2021/09/cabofrio-capa2019.jpg]
[lhtourlanchas.com.br/wp-json/wp/v2/pages/2558.json]
[lhtourlanchas.com.br/wp-json/oembed/1.0/embed81c9.json]
[lhtourlanchas.com.br/wp-json/oembed/1.0/embed8ae5]
[lhtourlanchas.com.br/wp-content/uploads/2021/09/cabofrio-capa2019-1024x537.jpg]
[lhtourlanchas.com.br/wp-content/uploads/2021/09/japa-.webp]
[lhtourlanchas.com.br/wp-content/uploads/2021/09/forte-.webp]
[lhtourlanchas.com.br/wp-content/uploads/2021/09/dhgfuhiuaha-.webp]
[lhtourlanchas.com.br/cabo-frio/index.html]
[lhtourlanchas.com.br/wp-content/uploads/2021/09/maxi-am-brunnen-_jYWndzkkVo-unsplash-scaled.jpg]
[lhtourlanchas.com.br/wp-json/wp/v2/pages/2240.json]
[lhtourlanchas.com.br/wp-json/oembed/1.0/embede092.json]
[lhtourlanchas.com.br/wp-json/oembed/1.0/embed7cc2]
[lhtourlanchas.com.br/wp-content/uploads/2021/09/970d7aba-b858-4930-a86e-955d3515d0f2-396x360.jpg]
[lhtourlanchas.com.br/wp-content/uploads/2021/09/7338d9fd-4fa5-43ba-9a73-66c3dd37f412-396x360.jpg]
[lhtourlanchas.com.br/wp-content/uploads/2021/09/98601626-c53a-41bf-baf5-ec4f7197aebc-1-396x360.jpg]
[lhtourlanchas.com.br/wp-content/uploads/2021/09/a63adfd8-605f-4f97-ac2b-5248af78cff1-1-396x360.jpg]
[lhtourlanchas.com.br/wp-content/uploads/2021/09/acff476d-ec53-4da2-b476-cc6e8ab2d85e-396x360.jpg]
[lhtourlanchas.com.br/wp-content/uploads/2021/09/1aca931b-88df-4aec-a51d-0362fec83739-1-396x360.jpg]
[lhtourlanchas.com.br/wp-content/uploads/2021/09/1c1905cd-62e8-42e5-888c-9005a8975d15-396x360.jpg]
[lhtourlanchas.com.br/wp-content/uploads/2021/09/8c49baed-4d56-499a-aa14-778be2125c40-1-396x360.jpg]
[lhtourlanchas.com.br/wp-content/uploads/2021/09/14d48726-6fe4-4b85-ab33-b20b8a44925d-1-396x360.jpg]
[lhtourlanchas.com.br/wp-content/uploads/2021/09/4f537c26-c9f5-4be5-b555-58759e31f9bb-396x360.jpg]
[lhtourlanchas.com.br/wp-content/uploads/2021/09/1ad81a0e-9187-4680-8cd2-c1770fd94033-396x360.jpg]
[lhtourlanchas.com.br/wp-content/uploads/2021/09/7e00df26-fa13-4295-828e-661f21b899b2-396x360.jpg]
[lhtourlanchas.com.br/wp-content/uploads/2021/09/507b66ec-ba33-425b-afde-3a2f6953ade1-396x360.jpg]
[lhtourlanchas.com.br/wp-content/uploads/2021/09/e0bc7c1a-f82c-4f75-b482-2301972bfc2e-1-396x360.jpg]
[lhtourlanchas.com.br/wp-content/uploads/2021/09/699832bd-9652-4673-99dd-a3f10aa48189-396x360.jpg]
[lhtourlanchas.com.br/wp-content/uploads/2021/09/0dac445d-d444-416f-9fc1-eed260c966d8-396x360.jpg]
[lhtourlanchas.com.br/wp-content/uploads/2021/09/533bf486-46d0-47fb-a22e-f3f34e668ea8-396x360.jpg]
[lhtourlanchas.com.br/wp-content/uploads/2021/09/1b27a375-73a4-49d3-9cc4-c7cc31f3cd42-396x360.jpg]
[lhtourlanchas.com.br/wp-content/uploads/2021/09/99334cfe-bceb-4909-8823-35a96a943dc0-396x360.jpg]
[lhtourlanchas.com.br/wp-content/uploads/2021/09/a3449957-4597-45a7-968d-53c725b67f68-396x360.jpg]
[lhtourlanchas.com.br/wp-content/uploads/2021/09/ab771999-e46b-4dcc-a766-f7392573ce4d-396x360.jpg]
[lhtourlanchas.com.br/wp-content/uploads/2021/09/baeb4c79-ff0d-4580-b72d-82b85f17239a-396x360.jpg]
[lhtourlanchas.com.br/wp-content/uploads/2021/09/2f49b633-e902-4a4a-8734-1a1539db7be2-396x360.jpg]
[lhtourlanchas.com.br/wp-content/uploads/2021/09/7cd56ba0-3e10-4b4a-a825-ba9939a55ad2-396x360.jpg]
[lhtourlanchas.com.br/wp-content/uploads/2021/09/8e19b6c4-4488-42c5-b2ad-ad187cdc9669-396x360.jpg]
[lhtourlanchas.com.br/wp-content/uploads/2021/09/55c4064b-328f-4aa8-a4b4-1f09c1c51cf9-396x360.jpg]
[lhtourlanchas.com.br/wp-content/uploads/2021/09/ce9c393f-e352-4465-9054-e6f57a645935-396x360.jpg]
[lhtourlanchas.com.br/wp-content/uploads/2021/09/8b568bd8-e820-48a6-9d95-f93ff81b1b43-396x360.jpg]
[lhtourlanchas.com.br/wp-content/uploads/2021/09/f5122851-3547-4d54-85db-e8767c434733-1-396x360.jpg]
[lhtourlanchas.com.br/wp-content/uploads/2021/09/104349d9-7f2a-4d66-b6ce-6f361c071e7c-1-396x360.jpg]
[lhtourlanchas.com.br/wp-content/uploads/2021/09/2a123d78-0414-4380-a16e-2e0ed6fd4dfa-396x360.jpg]
[lhtourlanchas.com.br/wp-content/uploads/2021/09/a8cc6e82-3074-41d3-a175-bb9e2f1e35dd-1-396x360.jpg]
[lhtourlanchas.com.br/wp-content/uploads/2021/09/5faa29a8-cbd3-4429-9333-efac35994375-1-396x360.jpg]
[lhtourlanchas.com.br/wp-content/uploads/2021/09/7dc3b667-489e-4875-b4ee-1d4947ee608a-1-396x360.jpg]
[lhtourlanchas.com.br/wp-content/uploads/2021/09/WhatsApp-Image-2021-09-15-at-23.52.00-4-1-396x360.jpg]
[lhtourlanchas.com.br/wp-content/uploads/2021/09/WhatsApp-Image-2021-09-15-at-23.52.00-3-1-396x360.jpg]
[lhtourlanchas.com.br/wp-content/uploads/2021/09/WhatsApp-Image-2021-09-15-at-23.52.00-1-396x360.jpg]
[lhtourlanchas.com.br/wp-content/uploads/2021/09/WhatsApp-Image-2021-09-15-at-23.52.00-1-1-396x360.jpg]
[lhtourlanchas.com.br/wp-content/uploads/2021/09/WhatsApp-Image-2021-09-15-at-23.52.00-2-396x360.jpg]
[lhtourlanchas.com.br/wp-content/uploads/2021/09/WhatsApp-Image-2021-09-15-at-23.52.00-5-1-396x360.jpg]
[lhtourlanchas.com.br/wp-content/uploads/2021/09/WhatsApp-Image-2021-09-15-at-23.52.00-6-396x360.jpg]
[lhtourlanchas.com.br/wp-content/uploads/2021/09/WhatsApp-Image-2021-09-15-at-23.52.00-7-396x360.jpg]
[lhtourlanchas.com.br/wp-content/uploads/2021/09/WhatsApp-Image-2021-09-15-at-23.52.00-8-1-396x360.jpg]
[lhtourlanchas.com.br/wp-content/uploads/2021/09/57c63ea4-fbb7-484b-8f34-c2049e5ac950-1-396x360.jpg]
[lhtourlanchas.com.br/wp-content/uploads/2021/09/c0197341-f8af-447d-9877-1a883a82a254-396x360.jpg]
[lhtourlanchas.com.br/wp-content/uploads/2021/09/645df5f2-1664-41e1-be92-d5561ebf3bf5-1-396x360.jpg]
[lhtourlanchas.com.br/wp-content/uploads/2021/09/1ab777dd-8c77-4e66-88fa-31228897dae0-1-396x360.jpg]
[lhtourlanchas.com.br/wp-content/uploads/2021/09/5e03e064-0af9-449c-a9be-4951df6f0d3c-396x360.jpg]
[lhtourlanchas.com.br/wp-content/uploads/2021/09/a47f198a-e68d-4e36-a765-00cda46721e0-396x360.jpg]
[lhtourlanchas.com.br/wp-content/uploads/2021/09/bcc16821-a56b-4362-ae33-cd80ef95c77b-1-396x360.jpg]
[lhtourlanchas.com.br/wp-content/uploads/2021/09/ea89288b-f609-4ab0-aa0b-4bb1affdbc8e-1-396x360.jpg]
[lhtourlanchas.com.br/wp-content/uploads/2021/09/9f1a76ee-9a9f-417d-ac0f-7dae256a0cd5-1-396x360.jpg]
[lhtourlanchas.com.br/wp-content/uploads/2021/09/ba056746-80de-402c-b50b-411a1bd7fb1a-396x360.jpg]
[lhtourlanchas.com.br/wp-content/uploads/2021/09/c4e14619-7e16-43a1-ab03-a14adadbdeff-396x360.jpg]
[lhtourlanchas.com.br/wp-content/uploads/2021/09/f2c5d3d8-a93e-4585-8151-531e4a35f9fc-396x360.jpg]
[lhtourlanchas.com.br/wp-content/uploads/2021/09/2fce826d-a935-41e5-bb27-eca979d14652-1-396x360.jpg]
[lhtourlanchas.com.br/wp-content/uploads/2021/09/6a9c2dca-3c3f-4455-8f47-7b3a5e5a064f-396x360.jpg]
[lhtourlanchas.com.br/wp-content/uploads/2021/09/23b34286-ff26-4cdf-ba16-21cac328c380-396x360.jpg]
[lhtourlanchas.com.br/wp-content/uploads/2021/09/28bc42d0-5d71-49e5-99a6-e84b0f37e416-1-396x360.jpg]
[lhtourlanchas.com.br/wp-content/uploads/2021/09/35fe3679-5079-4478-9c55-acdd7807cf5b-396x360.jpg]
[lhtourlanchas.com.br/wp-content/uploads/2021/09/a2a2ea47-8169-4a7f-a2b6-7b2280cacf5c-396x360.jpg]
[lhtourlanchas.com.br/wp-content/uploads/2021/09/b30e978a-f78d-4f90-bd7a-de49ae27e64c-396x360.jpg]
[lhtourlanchas.com.br/wp-content/uploads/2021/09/62d1a78b-5dd9-4682-9136-3c3b8a521492-1-396x360.jpg]
[lhtourlanchas.com.br/wp-content/uploads/2021/09/73e877bb-df5e-43bc-9998-02fd5cb1c094-396x360.jpg]
[lhtourlanchas.com.br/wp-content/uploads/2021/09/93e0eec0-eb27-4f08-8533-2387bdc3817b-396x360.jpg]
[lhtourlanchas.com.br/wp-content/uploads/2021/09/824fa14d-8f79-4c98-b38c-52381dd787ad-1-396x360.jpg]
[lhtourlanchas.com.br/wp-content/uploads/2021/09/7287293d-f9f1-449b-889b-a5cfa4b08fba-396x360.jpg]
[lhtourlanchas.com.br/wp-content/uploads/2021/09/e046784f-fe62-40bb-9aea-50d2f3cc2d36-1-396x360.jpg]
[lhtourlanchas.com.br/wp-content/uploads/2021/09/7fe565f2-f1d1-49a4-9afe-af9c5bff992e-1-396x360.jpg]
[lhtourlanchas.com.br/wp-content/uploads/2021/09/24b584e1-58bf-46c7-be52-c2e42fb69a53-1-396x360.jpg]
[lhtourlanchas.com.br/wp-content/uploads/2021/09/47f413a6-b4de-41d1-a4d9-6135db3b83b2-1-396x360.jpg]
[lhtourlanchas.com.br/wp-content/uploads/2021/09/93ca4942-a6de-4a0b-82a4-653f8ef55d4f-396x360.jpg]
[lhtourlanchas.com.br/wp-content/uploads/2021/09/1a1d4bea-41c3-4b16-8c51-484a42c1bb01-1-e1633052640647-396x338.jpg]
[lhtourlanchas.com.br/wp-content/uploads/2021/09/36bd3cf5-0531-43d2-8d45-980cda16149d-1-396x360.jpg]
[lhtourlanchas.com.br/wp-content/uploads/2021/09/c0a9f1c0-57ef-44e3-a6b4-902a967bda59-396x360.jpg]
[lhtourlanchas.com.br/wp-content/uploads/2021/09/609c7bae-30e1-4e69-871a-cc5f1416dfa9-1-396x360.jpg]
[lhtourlanchas.com.br/wp-content/uploads/2021/09/95eeea34-1748-4112-afcc-a51f047fc651-1-396x360.jpg]
[lhtourlanchas.com.br/wp-content/uploads/2021/09/c2a19d55-5474-4a8d-9022-1171155afb42-396x360.jpg]
[lhtourlanchas.com.br/wp-content/uploads/2021/09/c74c34b0-0f94-40bf-a604-386536cd0057-1-396x360.jpg]
[lhtourlanchas.com.br/wp-content/uploads/2021/09/1eb50371-1fd6-4543-a055-3244f8bb96cf-396x360.jpg]
[lhtourlanchas.com.br/wp-content/uploads/2021/09/6d8ecd3f-fc24-4679-a773-cd54903d5c19-396x360.jpg]
[lhtourlanchas.com.br/wp-content/uploads/2021/09/b73e57a9-d91a-4ab2-a456-753b1237e4e3-396x360.jpg]
[lhtourlanchas.com.br/wp-content/uploads/2021/09/7badb6f3-1617-456e-868b-5fdd3f1ffc3c-396x360.jpg]
[lhtourlanchas.com.br/wp-content/uploads/2021/09/46e8feb8-265f-43d5-a567-0736c88236c0-1-396x360.jpg]
[lhtourlanchas.com.br/wp-content/uploads/2021/09/a285df1e-49fd-4946-b573-9254a323e62f-396x360.jpg]
[lhtourlanchas.com.br/wp-content/uploads/2021/09/61755e8b-be18-4bdf-9426-eec83de3c1be-396x360.jpg]
[lhtourlanchas.com.br/wp-content/uploads/2021/09/9bfa0a98-4bf3-4f33-918b-800fd2aac0e9-1-396x360.jpg]
[lhtourlanchas.com.br/wp-content/uploads/2021/09/64700c66-8ffa-43b4-a729-12e3afa8a047-396x360.jpg]
[lhtourlanchas.com.br/wp-content/uploads/2021/09/1ff87b9a-8544-4ce4-8af4-19fbf0262996-396x360.jpg]
[lhtourlanchas.com.br/wp-content/uploads/2021/09/WhatsApp-Image-2021-09-15-at-23.46.12-4-1-396x360.jpg]
[lhtourlanchas.com.br/wp-content/uploads/2021/09/WhatsApp-Image-2021-09-15-at-23.46.12-6-1-396x360.jpg]
[lhtourlanchas.com.br/wp-content/uploads/2021/09/WhatsApp-Image-2021-09-15-at-23.46.12-3-396x360.jpg]
[lhtourlanchas.com.br/wp-content/uploads/2021/09/WhatsApp-Image-2021-09-15-at-23.46.12-1-1-396x360.jpg]
[lhtourlanchas.com.br/wp-content/uploads/2021/09/WhatsApp-Image-2021-09-15-at-23.46.12-2-1-396x360.jpg]
[lhtourlanchas.com.br/wp-content/uploads/2021/09/WhatsApp-Image-2021-09-15-at-23.46.12-3-1-396x360.jpg]
[lhtourlanchas.com.br/wp-content/uploads/2021/09/WhatsApp-Image-2021-09-15-at-23.46.12-5-396x360.jpg]
[lhtourlanchas.com.br/wp-content/uploads/2021/10/ea89b6_6b4c94eaff8b48a4ac28b334652cab3f_mv2-1-396x360.webp]
[lhtourlanchas.com.br/wp-content/uploads/2021/10/ea89b6_97c4f3827f844f0d9059120fe8137e9a_mv2-1-392x360.webp]
[lhtourlanchas.com.br/wp-content/uploads/2021/10/ea89b6_d2ede1e92cbd40e385574c4462424b9d_mv2-1-396x360.webp]
[lhtourlanchas.com.br/wp-content/uploads/2021/09/7407d789-d4c2-41f3-ab6d-f1a3924144d0-1-396x360.jpg]
[lhtourlanchas.com.br/wp-content/uploads/2021/09/26f676f7-baef-437f-bda8-379ec02732b0-1-396x360.jpg]
[lhtourlanchas.com.br/wp-content/uploads/2021/09/71cf8190-e423-4d2c-87dc-3b7c41bfa152-396x360.jpg]
[lhtourlanchas.com.br/wp-content/uploads/2021/09/5ddcb2bd-63ca-4c09-8347-28eb41c0eb1b-1-396x360.jpg]
[lhtourlanchas.com.br/wp-content/uploads/2021/09/f4e49ae2-bdb2-4028-9cb7-30ba24b5c354-396x360.jpg]
[lhtourlanchas.com.br/wp-content/uploads/2021/09/9e4c414d-26ff-476a-b9d9-88753020b471-396x360.jpg]
[lhtourlanchas.com.br/wp-content/uploads/2021/09/57dd63e4-930f-45f7-a2c5-fdb82e78056d-396x360.jpg]
[lhtourlanchas.com.br/wp-content/uploads/2021/09/5283ba45-ba49-4b9e-b3e3-b2cf32b08b62-1-396x360.jpg]
[lhtourlanchas.com.br/wp-content/uploads/2021/09/d0b9140f-5db1-46ad-a02d-581cf7f2fb49-396x360.jpg]
[lhtourlanchas.com.br/wp-content/uploads/2021/09/fec95f3a-1ba3-4044-9375-27bc8a8ed7a8-1-396x360.jpg]
[lhtourlanchas.com.br/wp-content/uploads/2021/09/979b5d92-cf13-41a6-89c2-c7b84b903461-1-396x360.jpg]
[lhtourlanchas.com.br/wp-content/uploads/2021/09/986bed15-0b88-4255-91b9-baf0d451b5ae-1-396x360.jpg]
[lhtourlanchas.com.br/wp-content/uploads/2021/09/4800e31f-644c-492d-929f-99b6941618e4-1-396x360.jpg]
[lhtourlanchas.com.br/wp-content/uploads/2021/09/cfff7e40-b65a-4194-bf63-c5b9a9ff6238-1-396x360.jpg]
[lhtourlanchas.com.br/wp-content/uploads/2021/09/d13fb3cd-90fe-4e80-a206-4d0baed1102b-1-396x360.jpg]
[lhtourlanchas.com.br/wp-content/uploads/2021/09/84b568ca-93b9-4726-84af-10e801d6e147-1-396x360.jpg]
[lhtourlanchas.com.br/wp-content/uploads/2021/09/00ccdcdc-1e64-4003-9a49-43207b95e0bc-396x360.jpg]
[lhtourlanchas.com.br/wp-content/uploads/2021/09/1da3cb49-1a89-488d-90a5-e066ae114d8a-396x360.jpg]
[lhtourlanchas.com.br/wp-content/uploads/2021/09/05c3eecd-0eb8-4729-bb1a-7fdca41b26d6-396x360.jpg]
[lhtourlanchas.com.br/wp-content/uploads/2021/09/7d467c29-b4e2-4189-90f9-96499d0587a6-396x360.jpg]
[lhtourlanchas.com.br/wp-content/uploads/2021/09/a1103e9e-bc13-424f-904a-3f8908ff5b41-396x360.jpg]
[lhtourlanchas.com.br/wp-content/uploads/2021/09/d4ad1977-1522-4d13-a396-1378c3ca6229-1-396x360.jpg]
[lhtourlanchas.com.br/wp-content/uploads/2021/09/d98087a6-9bae-41a9-b399-b2cb3f3d2038-396x360.jpg]
[lhtourlanchas.com.br/wp-content/uploads/2021/09/da5fafc8-15aa-4c49-8b82-7a39d6b5179f-396x360.jpg]
[lhtourlanchas.com.br/wp-content/uploads/2021/09/e0c0bc60-8c8f-4c85-a458-f33bf6309010-1-396x360.jpg]
[lhtourlanchas.com.br/wp-content/uploads/2021/10/ea89b6_1eec9ddd68bf42e3b36d5dbf1b3f2307_mv2-396x360.webp]
[lhtourlanchas.com.br/wp-content/uploads/2021/10/ea89b6_df7a9e8ad4104e618cfe9181d466742f_mv2-390x360.webp]
[lhtourlanchas.com.br/wp-content/uploads/2021/10/ea89b6_6b6f59fa536c49cb8e2bc042bf089094_mv2-390x360.webp]
[lhtourlanchas.com.br/wp-content/uploads/2021/10/ea89b6_17220f77c7754124b1ad5afca088a151_mv2-396x360.webp]
[lhtourlanchas.com.br/wp-content/uploads/2021/10/ea89b6_d85561be2e7246898cce6c1eb0ad4fd4_mv2-396x360.webp]
[lhtourlanchas.com.br/wp-content/uploads/2021/10/ea89b6_dc8366b44c124976bffb090f39227a7b_mv2-390x360.webp]
[lhtourlanchas.com.br/wp-content/uploads/2021/09/bf9fe9e6-667c-4330-9219-402dfb2df0be-1-396x360.jpg]
[lhtourlanchas.com.br/wp-content/uploads/2021/09/d043f9c3-aa4f-4ef3-aa6b-d21ef3711b9a-396x360.jpg]
[lhtourlanchas.com.br/wp-content/uploads/2021/09/8a0c3d8f-0f52-4e2e-8ff7-0960e243a883-396x360.jpg]
[lhtourlanchas.com.br/wp-content/uploads/2021/09/8d0becf1-f565-413c-8c66-dfc22f7d0486-396x360.jpg]
[lhtourlanchas.com.br/wp-content/uploads/2021/09/8f05b869-3794-41f4-abd6-5dbbbe05cfb6-1-396x360.jpg]
[lhtourlanchas.com.br/wp-content/uploads/2021/09/42be1e8b-482e-45da-a19a-43e71d350795-1-396x360.jpg]
[lhtourlanchas.com.br/wp-content/uploads/2021/09/84ceb514-e1f7-4e8b-b650-5b736826efaf-1-396x360.jpg]
[lhtourlanchas.com.br/wp-content/uploads/2021/09/7927ba7d-2113-459d-8cd3-6c51743e5428-1-396x360.jpg]
[lhtourlanchas.com.br/wp-content/uploads/2021/09/746221f2-fa38-4361-a43b-ed0dc24ac9cd-396x360.jpg]
[lhtourlanchas.com.br/wp-content/uploads/2021/09/c6d83533-879a-4541-9119-a25fb6b8129e-396x360.jpg]
[lhtourlanchas.com.br/wp-content/uploads/2021/09/e126bd53-33dd-41f4-836f-5ffa38646de7-396x360.jpg]
[lhtourlanchas.com.br/wp-content/uploads/2021/10/ea89b6_a2745d83921741449f8938174f5c6541_mv2-1-396x360.webp]
[lhtourlanchas.com.br/wp-content/uploads/2021/10/ea89b6_bf3fbe97b25e42a19f4ef31eeb6ede81_mv2-1-396x360.webp]
[lhtourlanchas.com.br/wp-content/uploads/2021/10/ea89b6_54c66a4c659646c3bce6adcf35dda5f1_mv2-1-396x360.webp]
[lhtourlanchas.com.br/wp-content/uploads/2021/10/ea89b6_06286fe56d374bb9b4b69ee4d875985f_mv2-1-396x360.webp]
[lhtourlanchas.com.br/wp-content/uploads/2021/09/ea89b6_4309151e0ed4452890a75b283e5540f5-390x360.webp]
[lhtourlanchas.com.br/wp-content/uploads/2021/09/ea89b6_b4e3ccfb89fa4ed8bebb7497c7458468-390x360.webp]
[lhtourlanchas.com.br/wp-content/uploads/2021/09/ea89b6_2b3dc3a8bdd54a90a8c915d94f4eb56b-390x360.webp]
[lhtourlanchas.com.br/wp-content/uploads/2021/09/ea89b6_828cb6c7f1414f92a3bf81b69e1d156b-390x360.webp]
[lhtourlanchas.com.br/wp-content/uploads/2021/09/ea89b6_4280651383e5492189cd5b5496945a00-390x360.webp]
[lhtourlanchas.com.br/wp-content/uploads/2021/09/ce7a20dd-2fac-4e8e-846f-d7615a8d8346-1-396x360.jpg]
[lhtourlanchas.com.br/wp-content/uploads/2021/09/5638c4ed-fda3-4abd-b08b-214e95406281-1-396x360.jpg]
[lhtourlanchas.com.br/wp-content/uploads/2021/09/e62e8e24-e1df-40a9-a9fe-4370b873d054-1-396x360.jpg]
[lhtourlanchas.com.br/wp-content/uploads/2021/09/392f12b1-99b5-48a7-ace5-00618400f139-1-396x360.jpg]
[lhtourlanchas.com.br/wp-content/uploads/2021/09/c29f5df1-4c03-4885-b1a7-0c17f11eeefa-1-396x360.jpg]
[lhtourlanchas.com.br/wp-content/uploads/2021/09/e9c14be5-b497-4c21-989f-3054158fd7ad-1-396x360.jpg]
[lhtourlanchas.com.br/wp-content/uploads/2021/09/67c6c5e0-94fe-4bc9-b725-e5fc841436e1-396x360.jpg]
[lhtourlanchas.com.br/wp-content/uploads/2021/09/a4c5a0b3-3194-456a-9691-ced9d3eab624-396x360.jpg]
[lhtourlanchas.com.br/wp-content/uploads/2021/09/afe19699-10a6-4280-8df4-92b7809d8917-396x360.jpg]
[lhtourlanchas.com.br/wp-content/uploads/2021/09/b3cb4dee-be91-48f1-be8f-660884929994-396x360.jpg]
[lhtourlanchas.com.br/wp-content/uploads/2021/09/fab4dcf3-dfcc-4cc2-8f58-07a94f3851fa-396x360.jpg]
[lhtourlanchas.com.br/wp-content/uploads/2021/09/ea89b6_8901e37fa5324d3a992794e70d549c09_mv2-396x360.webp]
[lhtourlanchas.com.br/wp-content/uploads/2021/09/ea89b6_17f991339e2b41cd857b63b0493c3407_mv2-396x360.webp]
[lhtourlanchas.com.br/wp-content/uploads/2021/09/ea89b6_5603794a00be4c45b56d1d6f50b56982_mv2-392x360.webp]
[lhtourlanchas.com.br/wp-content/uploads/2021/09/ea89b6_ff1947cb73fa49cb9a7fa593accb7e45_mv2-392x360.webp]
[lhtourlanchas.com.br/wp-content/uploads/2021/09/ea89b6_16ff9959edb4451497febfea3e550daa_mv2-392x360.webp]
[lhtourlanchas.com.br/wp-content/uploads/2021/09/ea89b6_155f5619c8cb474a98858ccf5799199f_mv2-392x360.webp]
[lhtourlanchas.com.br/wp-content/uploads/2021/09/2669c23b-778e-4236-9a0a-98f347191b4e-1-396x360.jpg]
[lhtourlanchas.com.br/wp-content/uploads/2021/09/51e43991-b5fa-4588-9367-ea2dbcb16444-396x360.jpg]
[lhtourlanchas.com.br/wp-content/uploads/2021/09/83786af8-aace-4cc5-a327-757d02fd1050-396x360.jpg]
[lhtourlanchas.com.br/wp-content/uploads/2021/09/70546438-83d2-4a6b-ba31-613695d4f567-396x360.jpg]
[lhtourlanchas.com.br/wp-content/uploads/2021/09/b4e86eaf-1a34-4dab-9ccf-b0795299219d-396x360.jpg]
[lhtourlanchas.com.br/wp-content/uploads/2021/09/b390dcc3-70c4-4ab8-b0da-e46066833b39-396x360.jpg]
[lhtourlanchas.com.br/wp-content/uploads/2021/09/be51384f-e9a9-4530-855f-4fb3a919c36e-396x360.jpg]
[lhtourlanchas.com.br/wp-content/uploads/2021/09/e7624e68-8666-46fd-aa38-b18ce196ca69-396x360.jpg]
[lhtourlanchas.com.br/wp-content/uploads/2021/09/220ab395-e993-4926-a950-44bd91a8463f-396x360.jpg]
[lhtourlanchas.com.br/wp-content/uploads/2021/09/850a3249-7cf7-49d3-aaff-a851f5965028-1-396x360.jpg]
[lhtourlanchas.com.br/wp-content/uploads/2021/09/01745ee9-a1b4-4894-9789-88cf2ea394cf-1-396x360.jpg]
[lhtourlanchas.com.br/wp-content/uploads/2021/09/7711b0ca-7ac7-4325-9abd-e7169e5f8531-396x360.jpg]
[lhtourlanchas.com.br/embarcacoes/index.html]
[lhtourlanchas.com.br/wp-content/uploads/2021/09/passeio-de-barco-em-arraial-do-cabo-foto-saveiro-don-juan.jpg]
[lhtourlanchas.com.br/wp-json/wp/v2/pages/1443.json]
[lhtourlanchas.com.br/wp-json/oembed/1.0/embed58cc.json]
[lhtourlanchas.com.br/wp-json/oembed/1.0/embedbcfe]
[lhtourlanchas.com.br/wp-content/uploads/2021/09/praia-do-pontal.jpg]
[lhtourlanchas.com.br/wp-content/uploads/2021/09/9f78c610-6fa6-4307-b484-f257cc87d086.jpg]
[lhtourlanchas.com.br/quem-somos/index.html]
[lhtourlanchas.com.br/wp-content/uploads/2021/09/gautam-krishnan-oA1gfVtNd_8-unsplash-scaled.jpg]
[lhtourlanchas.com.br/wp-json/wp/v2/pages/1223.json]
[lhtourlanchas.com.br/wp-json/oembed/1.0/embed34bb.json]
[lhtourlanchas.com.br/wp-json/oembed/1.0/embed1209]
[static.elfsight.com/platform/platform.js]
[lhtourlanchas.com.br/wp-content/plugins/fluentform/public/js/form-submission71f9.js]
[lhtourlanchas.com.br/contact/index.html]
[lhtourlanchas.com.br/wp-json/wp/v2/pages/3026.json]
[lhtourlanchas.com.br/wp-json/oembed/1.0/embed6f7e.json]
[lhtourlanchas.com.br/wp-json/oembed/1.0/embed6800]
[lhtourlanchas.com.br/termos-de-contrato/index.html]
[lhtourlanchas.com.br/wp-content/plugins/elementor/assets/lib/animations/animations.minedb1.css]
[lhtourlanchas.com.br/wp-content/plugins/ht-mega-for-elementor/assets/css/img/gallery/bgDescription.html]
[lhtourlanchas.com.br/wp-content/plugins/ht-mega-for-elementor/assets/css/img/gallery/gallery-e1.html]
[lhtourlanchas.com.br/wp-content/plugins/ht-mega-for-elementor/assets/css/img/bg/bg-image-12.html]
[lhtourlanchas.com.br/wp-content/plugins/ht-mega-for-elementor/assets/images/icons/line.svg]
[lhtourlanchas.com.br/wp-content/plugins/ht-mega-for-elementor/assets/css/img/others/business-shape.html]
[lhtourlanchas.com.br/wp-content/plugins/ht-mega-for-elementor/assets/css/img/bg/bg-image-40.html]
[lhtourlanchas.com.br/wp-content/plugins/elementor/assets/lib/font-awesome/fonts/fontawesome-webfont3e6e.svg]
[lhtourlanchas.com.br/wp-content/plugins/elementor/assets/lib/eicons/fonts/eicons02d6.svg]
[lhtourlanchas.com.br/wp-content/plugins/elementor/assets/lib/font-awesome/webfonts/fa-brands-400.svg]
[lhtourlanchas.com.br/wp-content/plugins/elementor/assets/lib/font-awesome/webfonts/fa-regular-400.svg]
[lhtourlanchas.com.br/wp-content/plugins/elementor/assets/lib/font-awesome/webfonts/fa-solid-900.svg]
[lhtourlanchas.com.br/POST.html]
[lhtourlanchas.com.br/schema.org/index.html]
[lhtourlanchas.com.br/b.html]
[lhtourlanchas.com.br/signals/iwl.html]
[lhtourlanchas.com.br/c.html]
[lhtourlanchas.com.br/c-2.html]
[lhtourlanchas.com.br/index461c.html]
[lhtourlanchas.com.br/indexc73b.html]
[lhtourlanchas.com.br/indexafe6.html]
[lhtourlanchas.com.br/index5caa.html]
[lhtourlanchas.com.br/index52de.html]
[lhtourlanchas.com.br/indexf351.html]
[lhtourlanchas.com.br/index6bb7.html]
[lhtourlanchas.com.br/wp-content/plugins/fluentform/public/css/fluent-forms-public71f9.css]
[lhtourlanchas.com.br/wp-content/plugins/fluentform/public/css/fluentform-public-default71f9.css]
[lhtourlanchas.com.br/index3408.html]
